Wifi.c:14:6:Wifi_SendRaw	16	static
Wifi.c:28:6:Wifi_SendString	16	static
Wifi.c:33:6:Wifi_WaitForString	48	dynamic
Wifi.c:69:6:Wifi_ReturnString	32	static
Wifi.c:101:6:Wifi_ReturnStrings	48	dynamic
Wifi.c:133:6:Wifi_ReturnInteger	24	static
Wifi.c:145:6:Wifi_RemoveChar	24	static
Wifi.c:157:6:Wifi_RxClear	8	static
Wifi.c:164:6:Wifi_TxClear	8	static
Wifi.c:169:6:Wifi_RxCallBack	8	static
Wifi.c:261:6:WifiInit	16	static
Wifi.c:315:6:Wifi_SetRfPower	32	static
Wifi.c:339:6:Wifi_SetMode	32	static
Wifi.c:360:6:Wifi_GetMode	24	static
Wifi.c:385:6:Wifi_GetMyIp	32	static
Wifi.c:429:6:Wifi_Station_ConnectToAp	40	static
Wifi.c:470:6:Wifi_Station_DhcpEnable	32	static
Wifi.c:492:6:Wifi_Station_DhcpIsEnable	24	static
Wifi.c:534:6:Wifi_Station_SetIp	40	static
Wifi.c:557:7:Wifi_SoftAp_Create	48	static
Wifi.c:581:7:Wifi_TcpIp_GetConnectionStatus	56	static
Wifi.c:619:7:Wifi_TcpIp_Ping	32	static
Wifi.c:642:7:Wifi_TcpIp_SetMultiConnection	160	static
Wifi.c:669:7:Wifi_TcpIp_GetMultiConnection	24	static
Wifi.c:696:7:Wifi_TcpIp_Close	32	static
Wifi.c:720:6:WifiTcpIpTcpConnection	296	static
Wifi.c:748:6:WifiSend	144	static
Wifi.c:769:6:wifiRxClear	16	static
Wifi.c:779:6:HAL_UART_RxCpltCallback	16	static
