Wifi.c:12:6:Wifi_SendRaw	16	static
Wifi.c:26:6:Wifi_SendString	16	static
Wifi.c:31:6:Wifi_SendStringAndWait	16	static
Wifi.c:39:6:Wifi_WaitForString	48	dynamic
Wifi.c:75:6:Wifi_ReturnString	32	static
Wifi.c:107:6:Wifi_ReturnStrings	48	dynamic
Wifi.c:139:6:Wifi_ReturnInteger	24	static
Wifi.c:150:6:Wifi_ReturnFloat	24	static
Wifi.c:160:6:Wifi_RemoveChar	24	static
Wifi.c:172:6:Wifi_RxClear	8	static
Wifi.c:181:6:Wifi_TxClear	8	static
Wifi.c:186:6:Wifi_RxCallBack	8	static
Wifi.c:280:6:WifiTask	16	static
Wifi.c:323:6:WifiInit	56	static
Wifi.c:341:6:Wifi_Restart	24	static
Wifi.c:362:6:Wifi_DeepSleep	32	static
Wifi.c:383:6:Wifi_FactoryReset	24	static
Wifi.c:404:6:Wifi_Update	24	static
Wifi.c:425:6:Wifi_SetRfPower	32	static
Wifi.c:449:6:Wifi_SetMode	32	static
Wifi.c:471:6:Wifi_GetMode	24	static
Wifi.c:496:6:Wifi_GetMyIp	32	static
Wifi.c:540:6:Wifi_Station_ConnectToAp	40	static
Wifi.c:580:6:Wifi_Station_Disconnect	24	static
Wifi.c:601:6:Wifi_Station_DhcpEnable	32	static
Wifi.c:623:6:Wifi_Station_DhcpIsEnable	24	static
Wifi.c:665:6:Wifi_Station_SetIp	40	static
Wifi.c:694:7:Wifi_SoftAp_GetConnectedDevices	56	static
Wifi.c:725:7:Wifi_SoftAp_Create	48	static
Wifi.c:749:7:Wifi_TcpIp_GetConnectionStatus	56	static
Wifi.c:787:7:Wifi_TcpIp_Ping	32	static
Wifi.c:810:7:Wifi_TcpIp_SetMultiConnection	32	static
Wifi.c:832:7:Wifi_TcpIp_GetMultiConnection	24	static
Wifi.c:857:7:Wifi_TcpIp_StartTcpConnection	40	static
Wifi.c:890:7:Wifi_TcpIp_StartUdpConnection	40	static
Wifi.c:914:7:Wifi_TcpIp_Close	32	static
Wifi.c:938:7:Wifi_TcpIp_SetEnableTcpServer	32	static
Wifi.c:970:7:Wifi_TcpIp_SetDisableTcpServer	32	static
Wifi.c:991:7:Wifi_TcpIp_SendDataUdp	32	static
Wifi.c:1020:7:Wifi_TcpIp_SendDataTcp	32	static
Wifi.c:1076:6:Wifi_TcpIp_StartMqttConnection	32	static
Wifi.c:1134:6:HAL_UART_RxCpltCallback	16	static
