main.c:89:5:main	72	static
main.c:173:6:SystemClock_Config	136	static
main.c:233:13:MX_DMA2D_Init	8	static
main.c:270:13:MX_I2C3_Init	8	static
main.c:316:13:MX_LTDC_Init	64	static
main.c:378:13:MX_SPI5_Init	8	static
main.c:416:13:MX_USART1_UART_Init	8	static
main.c:449:13:MX_USART6_UART_Init	8	static
main.c:482:13:MX_GPIO_Init	40	static
main.c:648:6:StartDefaultTask	16	static
main.c:666:6:StartTask02	16	static
main.c:685:6:HAL_TIM_PeriodElapsedCallback	16	static
main.c:702:6:Error_Handler	4	static,ignoring_inline_asm
