Wifi.c:15:6:Wifi_SendRaw	16	static
Wifi.c:29:6:Wifi_SendString	16	static
Wifi.c:34:6:Wifi_SendStringAndWait	16	static
Wifi.c:42:6:Wifi_WaitForString	48	dynamic
Wifi.c:82:6:Wifi_ReturnString	32	static
Wifi.c:114:6:Wifi_ReturnStrings	48	dynamic
Wifi.c:146:6:Wifi_ReturnInteger	24	static
Wifi.c:157:6:Wifi_ReturnFloat	24	static
Wifi.c:167:6:Wifi_RemoveChar	24	static
Wifi.c:179:6:Wifi_RxClear	8	static
Wifi.c:186:6:Wifi_TxClear	8	static
Wifi.c:191:6:Wifi_RxCallBack	8	static
Wifi.c:282:6:WifiTask	96	static
Wifi.c:440:6:WifiInit	56	static
Wifi.c:454:6:Wifi_Restart	24	static
Wifi.c:475:6:Wifi_DeepSleep	32	static
Wifi.c:496:6:Wifi_FactoryReset	24	static
Wifi.c:517:6:Wifi_Update	24	static
Wifi.c:538:6:Wifi_SetRfPower	32	static
Wifi.c:562:6:Wifi_SetMode	32	static
Wifi.c:584:6:Wifi_GetMode	24	static
Wifi.c:609:6:Wifi_GetMyIp	32	static
Wifi.c:653:6:Wifi_Station_ConnectToAp	40	static
Wifi.c:696:6:Wifi_Station_Disconnect	24	static
Wifi.c:717:6:Wifi_Station_DhcpEnable	32	static
Wifi.c:739:6:Wifi_Station_DhcpIsEnable	24	static
Wifi.c:781:6:Wifi_Station_SetIp	40	static
Wifi.c:810:7:Wifi_SoftAp_GetConnectedDevices	56	static
Wifi.c:841:7:Wifi_SoftAp_Create	48	static
Wifi.c:865:7:Wifi_TcpIp_GetConnectionStatus	56	static
Wifi.c:903:7:Wifi_TcpIp_Ping	32	static
Wifi.c:926:7:Wifi_TcpIp_SetMultiConnection	32	static
Wifi.c:948:7:Wifi_TcpIp_GetMultiConnection	24	static
Wifi.c:973:7:Wifi_TcpIp_StartTcpConnection	40	static
Wifi.c:1006:7:Wifi_TcpIp_StartUdpConnection	40	static
Wifi.c:1030:7:Wifi_TcpIp_Close	32	static
Wifi.c:1054:7:Wifi_TcpIp_SetEnableTcpServer	32	static
Wifi.c:1086:7:Wifi_TcpIp_SetDisableTcpServer	32	static
Wifi.c:1107:7:Wifi_TcpIp_SendDataUdp	32	static
Wifi.c:1136:7:Wifi_TcpIp_SendDataTcp	32	static
Wifi.c:1195:6:Wifi_TcpIp_StartMqttConnection	32	static
Wifi.c:1253:6:HAL_UART_RxCpltCallback	16	static
