Wifi.c:13:6:Wifi_SendRaw	16	static
Wifi.c:27:6:Wifi_SendString	16	static
Wifi.c:32:6:Wifi_SendStringAndWait	16	static
Wifi.c:40:6:Wifi_WaitForString	48	dynamic
Wifi.c:76:6:Wifi_ReturnString	32	static
Wifi.c:108:6:Wifi_ReturnStrings	48	dynamic
Wifi.c:140:6:Wifi_ReturnInteger	24	static
Wifi.c:151:6:Wifi_ReturnFloat	24	static
Wifi.c:161:6:Wifi_RemoveChar	24	static
Wifi.c:173:6:Wifi_RxClear	8	static
Wifi.c:180:6:Wifi_TxClear	8	static
Wifi.c:185:6:Wifi_RxCallBack	8	static
Wifi.c:276:6:WifiTask	80	static
Wifi.c:458:6:WifiInit	56	static
Wifi.c:472:6:Wifi_Restart	24	static
Wifi.c:493:6:Wifi_DeepSleep	32	static
Wifi.c:514:6:Wifi_FactoryReset	24	static
Wifi.c:535:6:Wifi_Update	24	static
Wifi.c:556:6:Wifi_SetRfPower	32	static
Wifi.c:580:6:Wifi_SetMode	32	static
Wifi.c:602:6:Wifi_GetMode	24	static
Wifi.c:627:6:Wifi_GetMyIp	32	static
Wifi.c:671:6:Wifi_Station_ConnectToAp	40	static
Wifi.c:714:6:Wifi_Station_Disconnect	24	static
Wifi.c:735:6:Wifi_Station_DhcpEnable	32	static
Wifi.c:757:6:Wifi_Station_DhcpIsEnable	24	static
Wifi.c:799:6:Wifi_Station_SetIp	40	static
Wifi.c:828:7:Wifi_SoftAp_GetConnectedDevices	56	static
Wifi.c:859:7:Wifi_SoftAp_Create	48	static
Wifi.c:883:7:Wifi_TcpIp_GetConnectionStatus	56	static
Wifi.c:921:7:Wifi_TcpIp_Ping	32	static
Wifi.c:944:7:Wifi_TcpIp_SetMultiConnection	32	static
Wifi.c:966:7:Wifi_TcpIp_GetMultiConnection	24	static
Wifi.c:991:7:Wifi_TcpIp_StartTcpConnection	40	static
Wifi.c:1024:7:Wifi_TcpIp_StartUdpConnection	40	static
Wifi.c:1048:7:Wifi_TcpIp_Close	32	static
Wifi.c:1072:7:Wifi_TcpIp_SetEnableTcpServer	32	static
Wifi.c:1104:7:Wifi_TcpIp_SetDisableTcpServer	32	static
Wifi.c:1125:7:Wifi_TcpIp_SendDataUdp	32	static
Wifi.c:1154:7:Wifi_TcpIp_SendDataTcp	32	static
Wifi.c:1213:6:Wifi_TcpIp_StartMqttConnection	32	static
Wifi.c:1271:6:HAL_UART_RxCpltCallback	16	static
